{
  "version": "1.5.0",
  "plugins_used": [
    {
      "name": "ArtifactoryDetector"
    },
    {
      "name": "AWSKeyDetector"
    },
    {
      "name": "AzureStorageKeyDetector"
    },
    {
      "name": "Base64HighEntropyString",
      "limit": 4.5
    },
    {
      "name": "BasicAuthDetector"
    },
    {
      "name": "CloudantDetector"
    },
    {
      "name": "DiscordBotTokenDetector"
    },
    {
      "name": "GitHubTokenDetector"
    },
    {
      "name": "GitLabTokenDetector"
    },
    {
      "name": "HexHighEntropyString",
      "limit": 3.0
    },
    {
      "name": "IbmCloudIamDetector"
    },
    {
      "name": "IbmCosHmacDetector"
    },
    {
      "name": "IPPublicDetector"
    },
    {
      "name": "JwtTokenDetector"
    },
    {
      "name": "KeywordDetector",
      "keyword_exclude": ""
    },
    {
      "name": "MailchimpDetector"
    },
    {
      "name": "NpmDetector"
    },
    {
      "name": "OpenAIDetector"
    },
    {
      "name": "PrivateKeyDetector"
    },
    {
      "name": "PypiTokenDetector"
    },
    {
      "name": "SendGridDetector"
    },
    {
      "name": "SlackDetector"
    },
    {
      "name": "SoftlayerDetector"
    },
    {
      "name": "SquareOAuthDetector"
    },
    {
      "name": "StripeDetector"
    },
    {
      "name": "TelegramBotTokenDetector"
    },
    {
      "name": "TwilioKeyDetector"
    }
  ],
  "filters_used": [
    {
      "path": "detect_secrets.filters.allowlist.is_line_allowlisted"
    },
    {
      "path": "detect_secrets.filters.common.is_baseline_file",
      "filename": ".secrets.baseline"
    },
    {
      "path": "detect_secrets.filters.common.is_ignored_due_to_verification_policies",
      "min_level": 2
    },
    {
      "path": "detect_secrets.filters.heuristic.is_indirect_reference"
    },
    {
      "path": "detect_secrets.filters.heuristic.is_likely_id_string"
    },
    {
      "path": "detect_secrets.filters.heuristic.is_lock_file"
    },
    {
      "path": "detect_secrets.filters.heuristic.is_not_alphanumeric_string"
    },
    {
      "path": "detect_secrets.filters.heuristic.is_potential_uuid"
    },
    {
      "path": "detect_secrets.filters.heuristic.is_prefixed_with_dollar_sign"
    },
    {
      "path": "detect_secrets.filters.heuristic.is_sequential_string"
    },
    {
      "path": "detect_secrets.filters.heuristic.is_swagger_file"
    },
    {
      "path": "detect_secrets.filters.heuristic.is_templated_secret"
    }
  ],
  "results": {
    "src/mcp_terra/server.py": [
      {
        "type": "Secret Keyword",
        "filename": "src/mcp_terra/server.py",
        "hashed_secret": "97aab13c35ddeaefe66ffe453b63aebee0f6c011",
        "is_verified": false,
        "line_number": 1027
      },
      {
        "type": "Secret Keyword",
        "filename": "src/mcp_terra/server.py",
        "hashed_secret": "0da16bf1d684e0a083acae7d3d1e53a8e30fd131",
        "is_verified": false,
        "line_number": 2458
      },
      {
        "type": "Secret Keyword",
        "filename": "src/mcp_terra/server.py",
        "hashed_secret": "4d0e6066980c612088fcf8487bd0f88f1fa0c6c4",
        "is_verified": false,
        "line_number": 2465
      }
    ],
    "tests/test_security_comprehensive.py": [
      {
        "type": "Secret Keyword",
        "filename": "tests/test_security_comprehensive.py",
        "hashed_secret": "117e1370c5f8a62c79288689e016e72c3fb9a3ea",
        "is_verified": false,
        "line_number": 67
      },
      {
        "type": "Secret Keyword",
        "filename": "tests/test_security_comprehensive.py",
        "hashed_secret": "c5c021081b46928ffe7717dbef47e24895b4c19d",
        "is_verified": false,
        "line_number": 68
      },
      {
        "type": "Basic Auth Credentials",
        "filename": "tests/test_security_comprehensive.py",
        "hashed_secret": "1a91d62f7ca67399625a4368a6ab5d4a3baa6073",
        "is_verified": false,
        "line_number": 844
      },
      {
        "type": "Secret Keyword",
        "filename": "tests/test_security_comprehensive.py",
        "hashed_secret": "a1b9892611956aa13a5ab9ccf01f49662583f2d2",
        "is_verified": false,
        "line_number": 2545
      },
      {
        "type": "Secret Keyword",
        "filename": "tests/test_security_comprehensive.py",
        "hashed_secret": "12201fe5e202883bd45fc97e87366ea05183e0e4",
        "is_verified": false,
        "line_number": 2573
      },
      {
        "type": "Secret Keyword",
        "filename": "tests/test_security_comprehensive.py",
        "hashed_secret": "efc6ad8534dabf1363d008b747469d1171a07b6a",
        "is_verified": false,
        "line_number": 2596
      },
      {
        "type": "Secret Keyword",
        "filename": "tests/test_security_comprehensive.py",
        "hashed_secret": "cc0e0d98a9b4f828315430b094d571c7b1c14fc1",
        "is_verified": false,
        "line_number": 2624
      },
      {
        "type": "AWS Access Key",
        "filename": "tests/test_security_comprehensive.py",
        "hashed_secret": "25910f981e85ca04baf359199dd0bd4a3ae738b6",
        "is_verified": false,
        "line_number": 3358
      }
    ]
  },
  "generated_at": "2026-06-27T05:07:13Z"
}
